{"jobs": 6, "manifest": "/content/drive/MyDrive/GPPO_mechanism_validation/mechanism_seed1_300/formal_manifest.json"}
{"completed": "T5-10-48/literal_event_seed1"}
{"completed": "T5-10-48/ppo_mlp_none_seed1"}
{"completed": "T5-10-48/ppo_mlp_event_seed1"}
{"completed": "T5-10-48/literal_none_seed1"}
{"completed": "T5-10-48/literal_no_gate_event_seed1"}
{"completed": "T5-10-48/literal_single_head_event_seed1"}
{"jobs": 6, "manifest": "/content/drive/MyDrive/GPPO_mechanism_validation/mechanism_seed1_300/formal_manifest.json"}
{"completed": "T5-10-48/literal_event_seed1"}
{"completed": "T5-10-48/ppo_mlp_none_seed1"}
{"completed": "T5-10-48/ppo_mlp_event_seed1"}
{"completed": "T5-10-48/literal_none_seed1"}
{"completed": "T5-10-48/literal_no_gate_event_seed1"}
{"completed": "T5-10-48/literal_single_head_event_seed1"}
{"jobs": 6, "manifest": "/content/drive/MyDrive/GPPO_mechanism_validation/mechanism_seed1_300/formal_manifest.json"}
{"completed": "T5-10-48/literal_event_seed1"}
{"completed": "T5-10-48/ppo_mlp_none_seed1"}
{"completed": "T5-10-48/ppo_mlp_event_seed1"}
{"completed": "T5-10-48/literal_none_seed1"}
{"completed": "T5-10-48/literal_no_gate_event_seed1"}
{"completed": "T5-10-48/literal_single_head_event_seed1"}
